../Core/Src/main.c:112:5:main	16	static
../Core/Src/main.c:222:6:SystemClock_Config	88	static
../Core/Src/main.c:268:13:MX_TIM3_Init	48	static
../Core/Src/main.c:326:13:MX_TIM4_Init	32	static
../Core/Src/main.c:371:13:MX_TIM5_Init	64	static
../Core/Src/main.c:430:13:MX_TIM9_Init	40	static
../Core/Src/main.c:472:13:MX_TIM13_Init	40	static
../Core/Src/main.c:518:13:MX_USART2_UART_Init	8	static
../Core/Src/main.c:549:13:MX_DMA_Init	16	static
../Core/Src/main.c:567:13:MX_GPIO_Init	48	static
../Core/Src/main.c:595:6:HAL_TIM_IC_CaptureCallback	16	static
../Core/Src/main.c:610:6:usDelay	16	static
../Core/Src/main.c:620:6:HAL_UART_RxCpltCallback	16	static
../Core/Src/main.c:635:6:UPDAT_FULLNESS	24	static
../Core/Src/main.c:665:5:ROTATE_BIN	16	static
../Core/Src/main.c:686:5:ROTATE_MOTOR	24	static
../Core/Src/main.c:712:6:UPDATE_FULLNESS	24	static
../Core/Src/main.c:749:7:GET_DISTANCE	16	static
../Core/Src/main.c:796:6:Error_Handler	4	static,ignoring_inline_asm
